========================================================================= 
Log Path: question1_sdtm_ds/log/sdtm_ds.log 
Program Path: /cloud/project/question1_sdtm_ds/sdtm_ds.R 
Working Directory: /cloud/project 
User Name: r3872888 
R Version: 4.6.1 (2026-06-24) 
Machine: application-17575405-deployment-31454619-9l69r x86_64 
Operating System: Linux 6.17.0-1017-aws #17~24.04.1-Ubuntu SMP Tue May 26 21:30:32 UTC 2026 
Base Packages: stats graphics grDevices utils datasets methods base 
Other Packages: logr_1.3.9 common_1.1.5 lubridate_1.9.5 dplyr_1.2.1 sdtm.oak_0.2.0 pharmaverseraw_0.1.1 
Log Start Time: 2026-07-02 17:23:57.551907 
========================================================================= 

Starting Execution DS mapping 

NOTE: Log Print Time:  2026-07-02 17:23:57.554147 
NOTE: Elapsed Time: 0.00150370597839355 secs 

# A tibble: 850 × 12
   STUDYID      DOMAIN USUBJID               DSSEQ DSTERM                DSDECOD DSCAT VISITNUM VISIT DSDTC DSSTDTC DSSTDY
   <chr>        <chr>  <chr>                 <int> <chr>                 <chr>   <chr>    <dbl> <chr> <iso> <iso86>  <int>
 1 CDISCPILOT01 DS     CDISCPILOT01-701-1015     1 Randomized            RANDOM… PROT…       20 Base… 2014… 2014-0…      1
 2 CDISCPILOT01 DS     CDISCPILOT01-701-1015     2 Protocol Completed    COMPLE… DISP…      160 Week… 2014… 2014-0…    182
 3 CDISCPILOT01 DS     CDISCPILOT01-701-1015     3 Final Lab Visit       OTHER   OTHE…      160 Week… 2014… 2014-0…    182
 4 CDISCPILOT01 DS     CDISCPILOT01-701-1023     1 Randomized            RANDOM… PROT…       20 Base… 2012… 2012-0…      1
 5 CDISCPILOT01 DS     CDISCPILOT01-701-1023     2 Adverse Event         ADVERS… DISP…      170 Week… 2012… 2012-0…     29
 6 CDISCPILOT01 DS     CDISCPILOT01-701-1023     3 Final Lab Visit       OTHER   OTHE…      170 Week… 2012… 2012-0…     29
 7 CDISCPILOT01 DS     CDISCPILOT01-701-1023     4 Final Retrieval Visit OTHER   OTHE…       30 Retr… 2013… 2013-0…    198
 8 CDISCPILOT01 DS     CDISCPILOT01-701-1028     1 Randomized            RANDOM… PROT…       20 Base… 2013… 2013-0…      1
 9 CDISCPILOT01 DS     CDISCPILOT01-701-1028     2 Protocol Completed    COMPLE… DISP…      160 Week… 2014… 2014-0…    180
10 CDISCPILOT01 DS     CDISCPILOT01-701-1028     3 Final Lab Visit       OTHER   OTHE…      160 Week… 2014… 2014-0…    180
# ℹ 840 more rows
# ℹ Use `print(n = ...)` to see more rows

NOTE: Data frame has 850 rows and 12 columns. 

NOTE: Log Print Time:  2026-07-02 17:23:59.410365 
NOTE: Elapsed Time: 1.8562171459198 secs 

========================================================================= 
Log End Time: 2026-07-02 17:23:59.413588 
Log Elapsed Time: 0 00:00:01 
========================================================================= 
